[INFO] Scanning for projects...
[INFO] 
[INFO] --------------------< com.cupk:StudyPlatform-back >---------------------
[INFO] Building StudyPlatform-back 0.0.1-SNAPSHOT
[INFO]   from pom.xml
[INFO] --------------------------------[ jar ]---------------------------------
[INFO] 
[INFO] >>> spring-boot:3.5.16:run (default-cli) > test-compile @ StudyPlatform-back >>>
[INFO] 
[INFO] --- resources:3.3.1:resources (default-resources) @ StudyPlatform-back ---
[INFO] Copying 1 resource from src\main\resources to target\classes
[INFO] Copying 13 resources from src\main\resources to target\classes
[INFO] 
[INFO] --- compiler:3.14.1:compile (default-compile) @ StudyPlatform-back ---
[INFO] Nothing to compile - all classes are up to date.
[INFO] 
[INFO] --- resources:3.3.1:testResources (default-testResources) @ StudyPlatform-back ---
[INFO] Copying 1 resource from src\test\resources to target\test-classes
[INFO] 
[INFO] --- compiler:3.14.1:testCompile (default-testCompile) @ StudyPlatform-back ---
[INFO] Nothing to compile - all classes are up to date.
[INFO] 
[INFO] <<< spring-boot:3.5.16:run (default-cli) < test-compile @ StudyPlatform-back <<<
[INFO] 
[INFO] 
[INFO] --- spring-boot:3.5.16:run (default-cli) @ StudyPlatform-back ---
[INFO] Attaching agents: []

  .   ____          _            __ _ _
 /\\ / ___'_ __ _ _(_)_ __  __ _ \ \ \ \
( ( )\___ | '_ | '_| | '_ \/ _` | \ \ \ \
 \\/  ___)| |_)| | | | | || (_| |  ) ) ) )
  '  |____| .__|_| |_|_| |_\__, | / / / /
 =========|_|==============|___/=/_/_/_/

 :: Spring Boot ::               (v3.5.16)

2026-07-03T19:14:12.595+08:00  INFO 41648 --- [StudyPlatform-back] [  restartedMain] com.cupk.StudyPlatformBackApplication    : Starting StudyPlatformBackApplication using Java 21.0.7 with PID 41648 (C:\WorkSpace2026\StudyPlatform\StudyPlatform-back\target\classes started by Kinkin in C:\WorkSpace2026\StudyPlatform\StudyPlatform-back)
2026-07-03T19:14:12.597+08:00  INFO 41648 --- [StudyPlatform-back] [  restartedMain] com.cupk.StudyPlatformBackApplication    : No active profile set, falling back to 1 default profile: "default"
2026-07-03T19:14:12.618+08:00  INFO 41648 --- [StudyPlatform-back] [  restartedMain] .e.DevToolsPropertyDefaultsPostProcessor : Devtools property defaults active! Set 'spring.devtools.add-properties' to 'false' to disable
2026-07-03T19:14:12.619+08:00  INFO 41648 --- [StudyPlatform-back] [  restartedMain] .e.DevToolsPropertyDefaultsPostProcessor : For additional web related logging consider setting the 'logging.level.web' property to 'DEBUG'
2026-07-03T19:14:13.218+08:00  INFO 41648 --- [StudyPlatform-back] [  restartedMain] o.s.b.w.embedded.tomcat.TomcatWebServer  : Tomcat initialized with port 8080 (http)
2026-07-03T19:14:13.228+08:00  INFO 41648 --- [StudyPlatform-back] [  restartedMain] o.apache.catalina.core.StandardService   : Starting service [Tomcat]
2026-07-03T19:14:13.228+08:00  INFO 41648 --- [StudyPlatform-back] [  restartedMain] o.apache.catalina.core.StandardEngine    : Starting Servlet engine: [Apache Tomcat/10.1.55]
2026-07-03T19:14:13.250+08:00  INFO 41648 --- [StudyPlatform-back] [  restartedMain] o.a.c.c.C.[Tomcat].[localhost].[/]       : Initializing Spring embedded WebApplicationContext
2026-07-03T19:14:13.251+08:00  INFO 41648 --- [StudyPlatform-back] [  restartedMain] w.s.c.ServletWebServerApplicationContext : Root WebApplicationContext: initialization completed in 631 ms
2026-07-03T19:14:13.370+08:00  INFO 41648 --- [StudyPlatform-back] [  restartedMain] com.zaxxer.hikari.HikariDataSource       : HikariPool-1 - Starting...
2026-07-03T19:14:13.452+08:00  INFO 41648 --- [StudyPlatform-back] [  restartedMain] com.zaxxer.hikari.pool.HikariPool        : HikariPool-1 - Added connection com.mysql.cj.jdbc.ConnectionImpl@334e0d30
2026-07-03T19:14:13.454+08:00  INFO 41648 --- [StudyPlatform-back] [  restartedMain] com.zaxxer.hikari.HikariDataSource       : HikariPool-1 - Start completed.
2026-07-03T19:14:13.475+08:00  INFO 41648 --- [StudyPlatform-back] [  restartedMain] org.flywaydb.core.FlywayExecutor         : Database: jdbc:mysql://localhost:3306/study_platform?useUnicode=true&characterEncoding=utf8&serverTimezone=Asia/Shanghai&allowPublicKeyRetrieval=true&useSSL=false (MySQL 8.0)
2026-07-03T19:14:13.517+08:00  INFO 41648 --- [StudyPlatform-back] [  restartedMain] o.f.core.internal.command.DbValidate     : Successfully validated 13 migrations (execution time 00:00.027s)
2026-07-03T19:14:13.526+08:00  INFO 41648 --- [StudyPlatform-back] [  restartedMain] o.f.core.internal.command.DbMigrate      : Current version of schema `study_platform`: 11
2026-07-03T19:14:13.540+08:00  INFO 41648 --- [StudyPlatform-back] [  restartedMain] o.f.core.internal.command.DbMigrate      : Migrating schema `study_platform` to version "12 - seed chinese oj practice problems"
2026-07-03T19:14:13.577+08:00  INFO 41648 --- [StudyPlatform-back] [  restartedMain] o.f.core.internal.command.DbMigrate      : Migrating schema `study_platform` to version "13 - create academy course interaction tables"
2026-07-03T19:14:13.774+08:00  WARN 41648 --- [StudyPlatform-back] [  restartedMain] o.f.c.i.s.DefaultSqlScriptExecutor       : DB: Table 'academy_course_enrollments' already exists (SQL State: 42S01 - Error Code: 1050)
2026-07-03T19:14:13.788+08:00  WARN 41648 --- [StudyPlatform-back] [  restartedMain] o.f.c.i.s.DefaultSqlScriptExecutor       : DB: Table 'academy_course_reviews' already exists (SQL State: 42S01 - Error Code: 1050)
2026-07-03T19:14:13.804+08:00  INFO 41648 --- [StudyPlatform-back] [  restartedMain] o.f.core.internal.command.DbMigrate      : Successfully applied 2 migrations to schema `study_platform`, now at version v13 (execution time 00:00.236s)
2026-07-03T19:14:14.049+08:00  WARN 41648 --- [StudyPlatform-back] [  restartedMain] .s.s.UserDetailsServiceAutoConfiguration : 

Using generated security password: 08079a6f-262f-4817-8fdd-3d134d3534c0

This generated password is for development use only. Your security configuration must be updated before running your application in production.

2026-07-03T19:14:14.054+08:00  INFO 41648 --- [StudyPlatform-back] [  restartedMain] r$InitializeUserDetailsManagerConfigurer : Global AuthenticationManager configured with UserDetailsService bean with name inMemoryUserDetailsManager
2026-07-03T19:14:14.315+08:00  INFO 41648 --- [StudyPlatform-back] [  restartedMain] o.s.b.d.a.OptionalLiveReloadServer       : LiveReload server is running on port 35729
2026-07-03T19:14:14.328+08:00  INFO 41648 --- [StudyPlatform-back] [  restartedMain] o.s.b.w.embedded.tomcat.TomcatWebServer  : Tomcat started on port 8080 (http) with context path '/'
2026-07-03T19:14:14.332+08:00  INFO 41648 --- [StudyPlatform-back] [  restartedMain] com.cupk.StudyPlatformBackApplication    : Started StudyPlatformBackApplication in 1.959 seconds (process running for 2.162)
2026-07-03T19:16:02.138+08:00  INFO 41648 --- [StudyPlatform-back] [nio-8080-exec-1] o.a.c.c.C.[Tomcat].[localhost].[/]       : Initializing Spring DispatcherServlet 'dispatcherServlet'
2026-07-03T19:16:02.138+08:00  INFO 41648 --- [StudyPlatform-back] [nio-8080-exec-1] o.s.web.servlet.DispatcherServlet        : Initializing Servlet 'dispatcherServlet'
2026-07-03T19:16:02.139+08:00  INFO 41648 --- [StudyPlatform-back] [nio-8080-exec-1] o.s.web.servlet.DispatcherServlet        : Completed initialization in 0 ms
