[INFO] Scanning for projects...
[INFO] 
[INFO] --------------------< com.cupk:StudyPlatform-back >---------------------
[INFO] Building StudyPlatform-back 0.0.1-SNAPSHOT
[INFO]   from pom.xml
[INFO] --------------------------------[ jar ]---------------------------------
[INFO] 
[INFO] >>> spring-boot:3.5.16:run (default-cli) > test-compile @ StudyPlatform-back >>>
[INFO] 
[INFO] --- resources:3.3.1:resources (default-resources) @ StudyPlatform-back ---
[INFO] Copying 1 resource from src\main\resources to target\classes
[INFO] Copying 17 resources from src\main\resources to target\classes
[INFO] 
[INFO] --- compiler:3.14.1:compile (default-compile) @ StudyPlatform-back ---
[INFO] Nothing to compile - all classes are up to date.
[INFO] 
[INFO] --- resources:3.3.1:testResources (default-testResources) @ StudyPlatform-back ---
[INFO] Copying 1 resource from src\test\resources to target\test-classes
[INFO] 
[INFO] --- compiler:3.14.1:testCompile (default-testCompile) @ StudyPlatform-back ---
[INFO] Nothing to compile - all classes are up to date.
[INFO] 
[INFO] <<< spring-boot:3.5.16:run (default-cli) < test-compile @ StudyPlatform-back <<<
[INFO] 
[INFO] 
[INFO] --- spring-boot:3.5.16:run (default-cli) @ StudyPlatform-back ---
[INFO] Attaching agents: []

  .   ____          _            __ _ _
 /\\ / ___'_ __ _ _(_)_ __  __ _ \ \ \ \
( ( )\___ | '_ | '_| | '_ \/ _` | \ \ \ \
 \\/  ___)| |_)| | | | | || (_| |  ) ) ) )
  '  |____| .__|_| |_|_| |_\__, | / / / /
 =========|_|==============|___/=/_/_/_/

 :: Spring Boot ::               (v3.5.16)

2026-07-04T02:39:19.535+08:00  INFO 53136 --- [StudyPlatform-back] [  restartedMain] com.cupk.StudyPlatformBackApplication    : Starting StudyPlatformBackApplication using Java 21.0.7 with PID 53136 (C:\WorkSpace2026\StudyPlatform\StudyPlatform-back\target\classes started by Kinkin in C:\WorkSpace2026\StudyPlatform\StudyPlatform-back)
2026-07-04T02:39:19.537+08:00  INFO 53136 --- [StudyPlatform-back] [  restartedMain] com.cupk.StudyPlatformBackApplication    : No active profile set, falling back to 1 default profile: "default"
2026-07-04T02:39:19.563+08:00  INFO 53136 --- [StudyPlatform-back] [  restartedMain] .e.DevToolsPropertyDefaultsPostProcessor : Devtools property defaults active! Set 'spring.devtools.add-properties' to 'false' to disable
2026-07-04T02:39:19.563+08:00  INFO 53136 --- [StudyPlatform-back] [  restartedMain] .e.DevToolsPropertyDefaultsPostProcessor : For additional web related logging consider setting the 'logging.level.web' property to 'DEBUG'
2026-07-04T02:39:20.296+08:00  INFO 53136 --- [StudyPlatform-back] [  restartedMain] o.s.b.w.embedded.tomcat.TomcatWebServer  : Tomcat initialized with port 8080 (http)
2026-07-04T02:39:20.317+08:00  INFO 53136 --- [StudyPlatform-back] [  restartedMain] o.apache.catalina.core.StandardService   : Starting service [Tomcat]
2026-07-04T02:39:20.318+08:00  INFO 53136 --- [StudyPlatform-back] [  restartedMain] o.apache.catalina.core.StandardEngine    : Starting Servlet engine: [Apache Tomcat/10.1.55]
2026-07-04T02:39:20.343+08:00  INFO 53136 --- [StudyPlatform-back] [  restartedMain] o.a.c.c.C.[Tomcat].[localhost].[/]       : Initializing Spring embedded WebApplicationContext
2026-07-04T02:39:20.344+08:00  INFO 53136 --- [StudyPlatform-back] [  restartedMain] w.s.c.ServletWebServerApplicationContext : Root WebApplicationContext: initialization completed in 779 ms
2026-07-04T02:39:20.483+08:00  INFO 53136 --- [StudyPlatform-back] [  restartedMain] com.zaxxer.hikari.HikariDataSource       : HikariPool-1 - Starting...
2026-07-04T02:39:20.583+08:00  INFO 53136 --- [StudyPlatform-back] [  restartedMain] com.zaxxer.hikari.pool.HikariPool        : HikariPool-1 - Added connection com.mysql.cj.jdbc.ConnectionImpl@41de73f5
2026-07-04T02:39:20.585+08:00  INFO 53136 --- [StudyPlatform-back] [  restartedMain] com.zaxxer.hikari.HikariDataSource       : HikariPool-1 - Start completed.
2026-07-04T02:39:20.617+08:00  INFO 53136 --- [StudyPlatform-back] [  restartedMain] org.flywaydb.core.FlywayExecutor         : Database: jdbc:mysql://localhost:3306/study_platform?useUnicode=true&characterEncoding=utf8&serverTimezone=Asia/Shanghai&allowPublicKeyRetrieval=true&useSSL=false (MySQL 8.0)
2026-07-04T02:39:20.664+08:00  INFO 53136 --- [StudyPlatform-back] [  restartedMain] o.f.core.internal.command.DbValidate     : Successfully validated 17 migrations (execution time 00:00.029s)
2026-07-04T02:39:20.674+08:00  INFO 53136 --- [StudyPlatform-back] [  restartedMain] o.f.core.internal.command.DbMigrate      : Current version of schema `study_platform`: 17
2026-07-04T02:39:20.676+08:00  INFO 53136 --- [StudyPlatform-back] [  restartedMain] o.f.core.internal.command.DbMigrate      : Schema `study_platform` is up to date. No migration necessary.
2026-07-04T02:39:20.924+08:00  WARN 53136 --- [StudyPlatform-back] [  restartedMain] .s.s.UserDetailsServiceAutoConfiguration : 

Using generated security password: 91473b6b-1a7a-43ae-b8f7-35e1260c3405

This generated password is for development use only. Your security configuration must be updated before running your application in production.

2026-07-04T02:39:20.928+08:00  INFO 53136 --- [StudyPlatform-back] [  restartedMain] r$InitializeUserDetailsManagerConfigurer : Global AuthenticationManager configured with UserDetailsService bean with name inMemoryUserDetailsManager
2026-07-04T02:39:21.145+08:00  WARN 53136 --- [StudyPlatform-back] [  restartedMain] o.s.b.d.a.OptionalLiveReloadServer       : Unable to start LiveReload server
2026-07-04T02:39:21.166+08:00  WARN 53136 --- [StudyPlatform-back] [  restartedMain] ConfigServletWebServerApplicationContext : Exception encountered during context initialization - cancelling refresh attempt: org.springframework.context.ApplicationContextException: Failed to start bean 'webServerStartStop'
2026-07-04T02:39:21.168+08:00  INFO 53136 --- [StudyPlatform-back] [  restartedMain] com.zaxxer.hikari.HikariDataSource       : HikariPool-1 - Shutdown initiated...
2026-07-04T02:39:21.173+08:00  INFO 53136 --- [StudyPlatform-back] [  restartedMain] com.zaxxer.hikari.HikariDataSource       : HikariPool-1 - Shutdown completed.
2026-07-04T02:39:21.180+08:00  INFO 53136 --- [StudyPlatform-back] [  restartedMain] .s.b.a.l.ConditionEvaluationReportLogger : 

Error starting ApplicationContext. To display the condition evaluation report re-run your application with 'debug' enabled.
2026-07-04T02:39:21.191+08:00 ERROR 53136 --- [StudyPlatform-back] [  restartedMain] o.s.b.d.LoggingFailureAnalysisReporter   : 

***************************
APPLICATION FAILED TO START
***************************

Description:

Web server failed to start. Port 8080 was already in use.

Action:

Identify and stop the process that's listening on port 8080 or configure this application to listen on another port.

[INFO] ------------------------------------------------------------------------
[INFO] BUILD SUCCESS
[INFO] ------------------------------------------------------------------------
[INFO] Total time:  3.893 s
[INFO] Finished at: 2026-07-04T02:39:21+08:00
[INFO] ------------------------------------------------------------------------
