C:\WorkSpace2026\StudyPlatform\StudyPlatform-back\src\main\java\com\cupk\academy\controller\AcademyController.java
C:\WorkSpace2026\StudyPlatform\StudyPlatform-back\src\main\java\com\cupk\academy\controller\ProfileController.java
C:\WorkSpace2026\StudyPlatform\StudyPlatform-back\src\main\java\com\cupk\academy\controller\QuestionBankController.java
C:\WorkSpace2026\StudyPlatform\StudyPlatform-back\src\main\java\com\cupk\academy\dto\AcademyAssignmentAnswerRequest.java
C:\WorkSpace2026\StudyPlatform\StudyPlatform-back\src\main\java\com\cupk\academy\dto\AcademyAssignmentDetailResponse.java
C:\WorkSpace2026\StudyPlatform\StudyPlatform-back\src\main\java\com\cupk\academy\dto\AcademyAssignmentQuestionResponse.java
C:\WorkSpace2026\StudyPlatform\StudyPlatform-back\src\main\java\com\cupk\academy\dto\AcademyAssignmentQuestionResultResponse.java
C:\WorkSpace2026\StudyPlatform\StudyPlatform-back\src\main\java\com\cupk\academy\dto\AcademyAssignmentSubmitResponse.java
C:\WorkSpace2026\StudyPlatform\StudyPlatform-back\src\main\java\com\cupk\academy\dto\AcademyAssignmentSummaryResponse.java
C:\WorkSpace2026\StudyPlatform\StudyPlatform-back\src\main\java\com\cupk\academy\dto\AcademyCategoryResponse.java
C:\WorkSpace2026\StudyPlatform\StudyPlatform-back\src\main\java\com\cupk\academy\dto\AcademyCourseEnrollmentRequest.java
C:\WorkSpace2026\StudyPlatform\StudyPlatform-back\src\main\java\com\cupk\academy\dto\AcademyCourseEnrollmentResponse.java
C:\WorkSpace2026\StudyPlatform\StudyPlatform-back\src\main\java\com\cupk\academy\dto\AcademyCourseReplyRequest.java
C:\WorkSpace2026\StudyPlatform\StudyPlatform-back\src\main\java\com\cupk\academy\dto\AcademyCourseResponse.java
C:\WorkSpace2026\StudyPlatform\StudyPlatform-back\src\main\java\com\cupk\academy\dto\AcademyCourseReviewRequest.java
C:\WorkSpace2026\StudyPlatform\StudyPlatform-back\src\main\java\com\cupk\academy\dto\AcademyCourseReviewResponse.java
C:\WorkSpace2026\StudyPlatform\StudyPlatform-back\src\main\java\com\cupk\academy\dto\AcademyEnrolledCourseResponse.java
C:\WorkSpace2026\StudyPlatform\StudyPlatform-back\src\main\java\com\cupk\academy\dto\AcademyExamAnswerRequest.java
C:\WorkSpace2026\StudyPlatform\StudyPlatform-back\src\main\java\com\cupk\academy\dto\AcademyExamDetailResponse.java
C:\WorkSpace2026\StudyPlatform\StudyPlatform-back\src\main\java\com\cupk\academy\dto\AcademyExamQuestionResponse.java
C:\WorkSpace2026\StudyPlatform\StudyPlatform-back\src\main\java\com\cupk\academy\dto\AcademyExamQuestionResultResponse.java
C:\WorkSpace2026\StudyPlatform\StudyPlatform-back\src\main\java\com\cupk\academy\dto\AcademyExamSubmitResponse.java
C:\WorkSpace2026\StudyPlatform\StudyPlatform-back\src\main\java\com\cupk\academy\dto\AcademyExamSummaryResponse.java
C:\WorkSpace2026\StudyPlatform\StudyPlatform-back\src\main\java\com\cupk\academy\dto\AcademyHomeItemResponse.java
C:\WorkSpace2026\StudyPlatform\StudyPlatform-back\src\main\java\com\cupk\academy\dto\AcademyHomeSectionResponse.java
C:\WorkSpace2026\StudyPlatform\StudyPlatform-back\src\main\java\com\cupk\academy\dto\AcademyRandomExamRequest.java
C:\WorkSpace2026\StudyPlatform\StudyPlatform-back\src\main\java\com\cupk\academy\dto\AcademyTeacherAssignmentQuestionRequest.java
C:\WorkSpace2026\StudyPlatform\StudyPlatform-back\src\main\java\com\cupk\academy\dto\AcademyTeacherAssignmentRequest.java
C:\WorkSpace2026\StudyPlatform\StudyPlatform-back\src\main\java\com\cupk\academy\dto\AcademyTextbookCartItemResponse.java
C:\WorkSpace2026\StudyPlatform\StudyPlatform-back\src\main\java\com\cupk\academy\dto\AcademyTextbookCartRequest.java
C:\WorkSpace2026\StudyPlatform\StudyPlatform-back\src\main\java\com\cupk\academy\dto\AcademyTextbookCommentResponse.java
C:\WorkSpace2026\StudyPlatform\StudyPlatform-back\src\main\java\com\cupk\academy\dto\AcademyTextbookDetailResponse.java
C:\WorkSpace2026\StudyPlatform\StudyPlatform-back\src\main\java\com\cupk\academy\dto\AcademyTextbookOrderRequest.java
C:\WorkSpace2026\StudyPlatform\StudyPlatform-back\src\main\java\com\cupk\academy\dto\AcademyTextbookOrderResponse.java
C:\WorkSpace2026\StudyPlatform\StudyPlatform-back\src\main\java\com\cupk\academy\dto\AcademyTextbookPaymentRequest.java
C:\WorkSpace2026\StudyPlatform\StudyPlatform-back\src\main\java\com\cupk\academy\dto\AcademyTextbookPaymentResponse.java
C:\WorkSpace2026\StudyPlatform\StudyPlatform-back\src\main\java\com\cupk\academy\dto\AcademyTextbookPaymentStatusResponse.java
C:\WorkSpace2026\StudyPlatform\StudyPlatform-back\src\main\java\com\cupk\academy\dto\AcademyTextbookResponse.java
C:\WorkSpace2026\StudyPlatform\StudyPlatform-back\src\main\java\com\cupk\academy\dto\AcademyTextbookReviewRequest.java
C:\WorkSpace2026\StudyPlatform\StudyPlatform-back\src\main\java\com\cupk\academy\dto\CourseQuestionBankCategoryResponse.java
C:\WorkSpace2026\StudyPlatform\StudyPlatform-back\src\main\java\com\cupk\academy\dto\CourseQuestionBankDetailResponse.java
C:\WorkSpace2026\StudyPlatform\StudyPlatform-back\src\main\java\com\cupk\academy\dto\CourseQuestionBankQuestionPageResponse.java
C:\WorkSpace2026\StudyPlatform\StudyPlatform-back\src\main\java\com\cupk\academy\dto\CourseQuestionBankQuestionResponse.java
C:\WorkSpace2026\StudyPlatform\StudyPlatform-back\src\main\java\com\cupk\academy\dto\CourseQuestionBankSetResponse.java
C:\WorkSpace2026\StudyPlatform\StudyPlatform-back\src\main\java\com\cupk\academy\dto\ProfileActivityDayResponse.java
C:\WorkSpace2026\StudyPlatform\StudyPlatform-back\src\main\java\com\cupk\academy\dto\ProfileCodingDifficultyResponse.java
C:\WorkSpace2026\StudyPlatform\StudyPlatform-back\src\main\java\com\cupk\academy\dto\ProfileDifficultyResponse.java
C:\WorkSpace2026\StudyPlatform\StudyPlatform-back\src\main\java\com\cupk\academy\dto\ProfileLearningEventRequest.java
C:\WorkSpace2026\StudyPlatform\StudyPlatform-back\src\main\java\com\cupk\academy\dto\ProfileLearningTimeRecordRequest.java
C:\WorkSpace2026\StudyPlatform\StudyPlatform-back\src\main\java\com\cupk\academy\dto\ProfileLearningTimeResponse.java
C:\WorkSpace2026\StudyPlatform\StudyPlatform-back\src\main\java\com\cupk\academy\dto\ProfileOverviewResponse.java
C:\WorkSpace2026\StudyPlatform\StudyPlatform-back\src\main\java\com\cupk\academy\dto\ProfilePreviewMetricResponse.java
C:\WorkSpace2026\StudyPlatform\StudyPlatform-back\src\main\java\com\cupk\academy\dto\ProfileRecentActivityResponse.java
C:\WorkSpace2026\StudyPlatform\StudyPlatform-back\src\main\java\com\cupk\academy\dto\ProfileStatResponse.java
C:\WorkSpace2026\StudyPlatform\StudyPlatform-back\src\main\java\com\cupk\academy\dto\ProfileTrackResponse.java
C:\WorkSpace2026\StudyPlatform\StudyPlatform-back\src\main\java\com\cupk\academy\dto\ProfileUserResponse.java
C:\WorkSpace2026\StudyPlatform\StudyPlatform-back\src\main\java\com\cupk\academy\dto\ProfileUserUpdateRequest.java
C:\WorkSpace2026\StudyPlatform\StudyPlatform-back\src\main\java\com\cupk\academy\dto\QuestionBankFavoritePageResponse.java
C:\WorkSpace2026\StudyPlatform\StudyPlatform-back\src\main\java\com\cupk\academy\dto\QuestionBankFavoriteRequest.java
C:\WorkSpace2026\StudyPlatform\StudyPlatform-back\src\main\java\com\cupk\academy\dto\QuestionBankFavoriteResponse.java
C:\WorkSpace2026\StudyPlatform\StudyPlatform-back\src\main\java\com\cupk\academy\dto\QuestionBankFavoriteSetSummaryResponse.java
C:\WorkSpace2026\StudyPlatform\StudyPlatform-back\src\main\java\com\cupk\academy\dto\QuestionBankFavoriteSummaryResponse.java
C:\WorkSpace2026\StudyPlatform\StudyPlatform-back\src\main\java\com\cupk\academy\dto\QuestionBankFavoriteToggleResponse.java
C:\WorkSpace2026\StudyPlatform\StudyPlatform-back\src\main\java\com\cupk\academy\dto\QuestionBankImportResponse.java
C:\WorkSpace2026\StudyPlatform\StudyPlatform-back\src\main\java\com\cupk\academy\dto\QuestionBankMistakeAnswerRequest.java
C:\WorkSpace2026\StudyPlatform\StudyPlatform-back\src\main\java\com\cupk\academy\dto\QuestionBankMistakeAnswerResponse.java
C:\WorkSpace2026\StudyPlatform\StudyPlatform-back\src\main\java\com\cupk\academy\dto\QuestionBankMistakePageResponse.java
C:\WorkSpace2026\StudyPlatform\StudyPlatform-back\src\main\java\com\cupk\academy\dto\QuestionBankMistakeResponse.java
C:\WorkSpace2026\StudyPlatform\StudyPlatform-back\src\main\java\com\cupk\academy\dto\QuestionBankMistakeSetSummaryResponse.java
C:\WorkSpace2026\StudyPlatform\StudyPlatform-back\src\main\java\com\cupk\academy\dto\QuestionBankMistakeSummaryResponse.java
C:\WorkSpace2026\StudyPlatform\StudyPlatform-back\src\main\java\com\cupk\academy\dto\QuestionBankProblemPageResponse.java
C:\WorkSpace2026\StudyPlatform\StudyPlatform-back\src\main\java\com\cupk\academy\dto\QuestionBankProblemResponse.java
C:\WorkSpace2026\StudyPlatform\StudyPlatform-back\src\main\java\com\cupk\academy\dto\QuestionBankSubjectResponse.java
C:\WorkSpace2026\StudyPlatform\StudyPlatform-back\src\main\java\com\cupk\academy\dto\TeacherMailboxMessageResponse.java
C:\WorkSpace2026\StudyPlatform\StudyPlatform-back\src\main\java\com\cupk\academy\dto\TeacherWorkbenchMetricResponse.java
C:\WorkSpace2026\StudyPlatform\StudyPlatform-back\src\main\java\com\cupk\academy\dto\TeacherWorkbenchResponse.java
C:\WorkSpace2026\StudyPlatform\StudyPlatform-back\src\main\java\com\cupk\academy\dto\TypeWarriorWordPoolResponse.java
C:\WorkSpace2026\StudyPlatform\StudyPlatform-back\src\main\java\com\cupk\academy\dto\TypeWarriorWordResponse.java
C:\WorkSpace2026\StudyPlatform\StudyPlatform-back\src\main\java\com\cupk\academy\repository\AcademyAssignmentRepository.java
C:\WorkSpace2026\StudyPlatform\StudyPlatform-back\src\main\java\com\cupk\academy\repository\AcademyExamRepository.java
C:\WorkSpace2026\StudyPlatform\StudyPlatform-back\src\main\java\com\cupk\academy\repository\AcademyRepository.java
C:\WorkSpace2026\StudyPlatform\StudyPlatform-back\src\main\java\com\cupk\academy\repository\ProfileRepository.java
C:\WorkSpace2026\StudyPlatform\StudyPlatform-back\src\main\java\com\cupk\academy\repository\QuestionBankRepository.java
C:\WorkSpace2026\StudyPlatform\StudyPlatform-back\src\main\java\com\cupk\academy\service\AcademyAssignmentService.java
C:\WorkSpace2026\StudyPlatform\StudyPlatform-back\src\main\java\com\cupk\academy\service\AcademyCourseSourceCrawler.java
C:\WorkSpace2026\StudyPlatform\StudyPlatform-back\src\main\java\com\cupk\academy\service\AcademyExamService.java
C:\WorkSpace2026\StudyPlatform\StudyPlatform-back\src\main\java\com\cupk\academy\service\AcademyService.java
C:\WorkSpace2026\StudyPlatform\StudyPlatform-back\src\main\java\com\cupk\academy\service\CetVocabularySeeder.java
C:\WorkSpace2026\StudyPlatform\StudyPlatform-back\src\main\java\com\cupk\academy\service\IdeologyQuestionBankSeeder.java
C:\WorkSpace2026\StudyPlatform\StudyPlatform-back\src\main\java\com\cupk\academy\service\MaoismQuestionBankSeeder.java
C:\WorkSpace2026\StudyPlatform\StudyPlatform-back\src\main\java\com\cupk\academy\service\MarkdownQuestionBankSeeder.java
C:\WorkSpace2026\StudyPlatform\StudyPlatform-back\src\main\java\com\cupk\academy\service\MarxismQuestionBankSeeder.java
C:\WorkSpace2026\StudyPlatform\StudyPlatform-back\src\main\java\com\cupk\academy\service\ModernHistoryQuestionBankSeeder.java
C:\WorkSpace2026\StudyPlatform\StudyPlatform-back\src\main\java\com\cupk\academy\service\ProfileService.java
C:\WorkSpace2026\StudyPlatform\StudyPlatform-back\src\main\java\com\cupk\academy\service\QuestionBankService.java
C:\WorkSpace2026\StudyPlatform\StudyPlatform-back\src\main\java\com\cupk\academy\service\QuestionBankSourceResolver.java
C:\WorkSpace2026\StudyPlatform\StudyPlatform-back\src\main\java\com\cupk\admin\controller\AdminController.java
C:\WorkSpace2026\StudyPlatform\StudyPlatform-back\src\main\java\com\cupk\admin\dto\AdminCourseCategoryRequest.java
C:\WorkSpace2026\StudyPlatform\StudyPlatform-back\src\main\java\com\cupk\admin\dto\AdminCourseRequest.java
C:\WorkSpace2026\StudyPlatform\StudyPlatform-back\src\main\java\com\cupk\admin\dto\AdminCourseResponse.java
C:\WorkSpace2026\StudyPlatform\StudyPlatform-back\src\main\java\com\cupk\admin\dto\AdminCourseReviewResponse.java
C:\WorkSpace2026\StudyPlatform\StudyPlatform-back\src\main\java\com\cupk\admin\dto\AdminOjCaseCheckResponse.java
C:\WorkSpace2026\StudyPlatform\StudyPlatform-back\src\main\java\com\cupk\admin\dto\AdminOjCheckResponse.java
C:\WorkSpace2026\StudyPlatform\StudyPlatform-back\src\main\java\com\cupk\admin\dto\AdminOjProblemRequest.java
C:\WorkSpace2026\StudyPlatform\StudyPlatform-back\src\main\java\com\cupk\admin\dto\AdminOjProblemResponse.java
C:\WorkSpace2026\StudyPlatform\StudyPlatform-back\src\main\java\com\cupk\admin\dto\AdminOjTestCaseRequest.java
C:\WorkSpace2026\StudyPlatform\StudyPlatform-back\src\main\java\com\cupk\admin\dto\AdminOjTestCaseResponse.java
C:\WorkSpace2026\StudyPlatform\StudyPlatform-back\src\main\java\com\cupk\admin\dto\AdminQuestionBankSetRequest.java
C:\WorkSpace2026\StudyPlatform\StudyPlatform-back\src\main\java\com\cupk\admin\dto\AdminQuestionRequest.java
C:\WorkSpace2026\StudyPlatform\StudyPlatform-back\src\main\java\com\cupk\admin\dto\AdminReviewReplyRequest.java
C:\WorkSpace2026\StudyPlatform\StudyPlatform-back\src\main\java\com\cupk\admin\dto\AdminUserResponse.java
C:\WorkSpace2026\StudyPlatform\StudyPlatform-back\src\main\java\com\cupk\admin\dto\AdminUserUpdateRequest.java
C:\WorkSpace2026\StudyPlatform\StudyPlatform-back\src\main\java\com\cupk\admin\dto\AdminVoucherItemRequest.java
C:\WorkSpace2026\StudyPlatform\StudyPlatform-back\src\main\java\com\cupk\admin\repository\AdminRepository.java
C:\WorkSpace2026\StudyPlatform\StudyPlatform-back\src\main\java\com\cupk\admin\service\AdminService.java
C:\WorkSpace2026\StudyPlatform\StudyPlatform-back\src\main\java\com\cupk\aipet\controller\AiPetChatController.java
C:\WorkSpace2026\StudyPlatform\StudyPlatform-back\src\main\java\com\cupk\aipet\dto\AiPetChatMessage.java
C:\WorkSpace2026\StudyPlatform\StudyPlatform-back\src\main\java\com\cupk\aipet\dto\AiPetChatRequest.java
C:\WorkSpace2026\StudyPlatform\StudyPlatform-back\src\main\java\com\cupk\aipet\dto\AiPetChatResponse.java
C:\WorkSpace2026\StudyPlatform\StudyPlatform-back\src\main\java\com\cupk\aipet\dto\AiPetPageContext.java
C:\WorkSpace2026\StudyPlatform\StudyPlatform-back\src\main\java\com\cupk\aipet\service\AiPetChatService.java
C:\WorkSpace2026\StudyPlatform\StudyPlatform-back\src\main\java\com\cupk\auth\controller\AuthController.java
C:\WorkSpace2026\StudyPlatform\StudyPlatform-back\src\main\java\com\cupk\auth\dto\AuthLoginRequest.java
C:\WorkSpace2026\StudyPlatform\StudyPlatform-back\src\main\java\com\cupk\auth\dto\AuthMessageResponse.java
C:\WorkSpace2026\StudyPlatform\StudyPlatform-back\src\main\java\com\cupk\auth\dto\AuthOnboardingRequest.java
C:\WorkSpace2026\StudyPlatform\StudyPlatform-back\src\main\java\com\cupk\auth\dto\AuthPetRequest.java
C:\WorkSpace2026\StudyPlatform\StudyPlatform-back\src\main\java\com\cupk\auth\dto\AuthRegisterRequest.java
C:\WorkSpace2026\StudyPlatform\StudyPlatform-back\src\main\java\com\cupk\auth\dto\AuthUserResponse.java
C:\WorkSpace2026\StudyPlatform\StudyPlatform-back\src\main\java\com\cupk\auth\dto\PasswordResetCodeRequest.java
C:\WorkSpace2026\StudyPlatform\StudyPlatform-back\src\main\java\com\cupk\auth\dto\PasswordResetConfirmRequest.java
C:\WorkSpace2026\StudyPlatform\StudyPlatform-back\src\main\java\com\cupk\auth\repository\AuthUserRepository.java
C:\WorkSpace2026\StudyPlatform\StudyPlatform-back\src\main\java\com\cupk\auth\repository\PasswordResetCodeRepository.java
C:\WorkSpace2026\StudyPlatform\StudyPlatform-back\src\main\java\com\cupk\auth\service\AuthService.java
C:\WorkSpace2026\StudyPlatform\StudyPlatform-back\src\main\java\com\cupk\config\ApiAccessLogFilter.java
C:\WorkSpace2026\StudyPlatform\StudyPlatform-back\src\main\java\com\cupk\config\ApiExceptionHandler.java
C:\WorkSpace2026\StudyPlatform\StudyPlatform-back\src\main\java\com\cupk\config\SecurityConfig.java
C:\WorkSpace2026\StudyPlatform\StudyPlatform-back\src\main\java\com\cupk\config\WebMvcConfig.java
C:\WorkSpace2026\StudyPlatform\StudyPlatform-back\src\main\java\com\cupk\games\controller\LadderJumpQuestionController.java
C:\WorkSpace2026\StudyPlatform\StudyPlatform-back\src\main\java\com\cupk\games\controller\LadderJumpRecordController.java
C:\WorkSpace2026\StudyPlatform\StudyPlatform-back\src\main\java\com\cupk\games\controller\TypeWarriorRecordController.java
C:\WorkSpace2026\StudyPlatform\StudyPlatform-back\src\main\java\com\cupk\games\dto\LadderJumpQuestionBankResponse.java
C:\WorkSpace2026\StudyPlatform\StudyPlatform-back\src\main\java\com\cupk\games\dto\LadderJumpQuestionResponse.java
C:\WorkSpace2026\StudyPlatform\StudyPlatform-back\src\main\java\com\cupk\games\dto\LadderJumpRecordSaveRequest.java
C:\WorkSpace2026\StudyPlatform\StudyPlatform-back\src\main\java\com\cupk\games\dto\TypeWarriorRecordSaveRequest.java
C:\WorkSpace2026\StudyPlatform\StudyPlatform-back\src\main\java\com\cupk\games\repository\GameRecordRepository.java
C:\WorkSpace2026\StudyPlatform\StudyPlatform-back\src\main\java\com\cupk\games\service\GameRecordService.java
C:\WorkSpace2026\StudyPlatform\StudyPlatform-back\src\main\java\com\cupk\games\service\LadderJumpQuestionService.java
C:\WorkSpace2026\StudyPlatform\StudyPlatform-back\src\main\java\com\cupk\oj\config\OjAsyncConfig.java
C:\WorkSpace2026\StudyPlatform\StudyPlatform-back\src\main\java\com\cupk\oj\config\OjProperties.java
C:\WorkSpace2026\StudyPlatform\StudyPlatform-back\src\main\java\com\cupk\oj\config\package-info.java
C:\WorkSpace2026\StudyPlatform\StudyPlatform-back\src\main\java\com\cupk\oj\controller\OjProblemController.java
C:\WorkSpace2026\StudyPlatform\StudyPlatform-back\src\main\java\com\cupk\oj\controller\OjSubmissionController.java
C:\WorkSpace2026\StudyPlatform\StudyPlatform-back\src\main\java\com\cupk\oj\controller\package-info.java
C:\WorkSpace2026\StudyPlatform\StudyPlatform-back\src\main\java\com\cupk\oj\dto\CreateProblemRequest.java
C:\WorkSpace2026\StudyPlatform\StudyPlatform-back\src\main\java\com\cupk\oj\dto\CreateSubmissionRequest.java
C:\WorkSpace2026\StudyPlatform\StudyPlatform-back\src\main\java\com\cupk\oj\dto\CreateTestCaseRequest.java
C:\WorkSpace2026\StudyPlatform\StudyPlatform-back\src\main\java\com\cupk\oj\dto\JudgeCaseResult.java
C:\WorkSpace2026\StudyPlatform\StudyPlatform-back\src\main\java\com\cupk\oj\dto\JudgeResult.java
C:\WorkSpace2026\StudyPlatform\StudyPlatform-back\src\main\java\com\cupk\oj\dto\package-info.java
C:\WorkSpace2026\StudyPlatform\StudyPlatform-back\src\main\java\com\cupk\oj\dto\ProblemSummary.java
C:\WorkSpace2026\StudyPlatform\StudyPlatform-back\src\main\java\com\cupk\oj\dto\UpdateProblemRequest.java
C:\WorkSpace2026\StudyPlatform\StudyPlatform-back\src\main\java\com\cupk\oj\model\OjProblem.java
C:\WorkSpace2026\StudyPlatform\StudyPlatform-back\src\main\java\com\cupk\oj\model\OjSubmission.java
C:\WorkSpace2026\StudyPlatform\StudyPlatform-back\src\main\java\com\cupk\oj\model\OjSubmissionCase.java
C:\WorkSpace2026\StudyPlatform\StudyPlatform-back\src\main\java\com\cupk\oj\model\OjTestCase.java
C:\WorkSpace2026\StudyPlatform\StudyPlatform-back\src\main\java\com\cupk\oj\model\package-info.java
C:\WorkSpace2026\StudyPlatform\StudyPlatform-back\src\main\java\com\cupk\oj\model\ProblemDifficulty.java
C:\WorkSpace2026\StudyPlatform\StudyPlatform-back\src\main\java\com\cupk\oj\model\ProblemStatus.java
C:\WorkSpace2026\StudyPlatform\StudyPlatform-back\src\main\java\com\cupk\oj\model\SubmissionStatus.java
C:\WorkSpace2026\StudyPlatform\StudyPlatform-back\src\main\java\com\cupk\oj\repository\OjProblemRepository.java
C:\WorkSpace2026\StudyPlatform\StudyPlatform-back\src\main\java\com\cupk\oj\repository\OjSubmissionCaseRepository.java
C:\WorkSpace2026\StudyPlatform\StudyPlatform-back\src\main\java\com\cupk\oj\repository\OjSubmissionRepository.java
C:\WorkSpace2026\StudyPlatform\StudyPlatform-back\src\main\java\com\cupk\oj\repository\OjTestCaseRepository.java
C:\WorkSpace2026\StudyPlatform\StudyPlatform-back\src\main\java\com\cupk\oj\repository\package-info.java
C:\WorkSpace2026\StudyPlatform\StudyPlatform-back\src\main\java\com\cupk\oj\service\JudgeSandboxClient.java
C:\WorkSpace2026\StudyPlatform\StudyPlatform-back\src\main\java\com\cupk\oj\service\OjJudgeService.java
C:\WorkSpace2026\StudyPlatform\StudyPlatform-back\src\main\java\com\cupk\oj\service\OjProblemService.java
C:\WorkSpace2026\StudyPlatform\StudyPlatform-back\src\main\java\com\cupk\oj\service\OjSubmissionService.java
C:\WorkSpace2026\StudyPlatform\StudyPlatform-back\src\main\java\com\cupk\oj\service\OjTestCaseService.java
C:\WorkSpace2026\StudyPlatform\StudyPlatform-back\src\main\java\com\cupk\oj\service\package-info.java
C:\WorkSpace2026\StudyPlatform\StudyPlatform-back\src\main\java\com\cupk\oj\service\RemoteJudgeSandboxClient.java
C:\WorkSpace2026\StudyPlatform\StudyPlatform-back\src\main\java\com\cupk\payment\AlipayPaymentGateway.java
C:\WorkSpace2026\StudyPlatform\StudyPlatform-back\src\main\java\com\cupk\payment\PaymentGateway.java
C:\WorkSpace2026\StudyPlatform\StudyPlatform-back\src\main\java\com\cupk\payment\PaymentGatewayResult.java
C:\WorkSpace2026\StudyPlatform\StudyPlatform-back\src\main\java\com\cupk\payment\PaymentJson.java
C:\WorkSpace2026\StudyPlatform\StudyPlatform-back\src\main\java\com\cupk\payment\QrCodeRenderer.java
C:\WorkSpace2026\StudyPlatform\StudyPlatform-back\src\main\java\com\cupk\payment\WechatPaymentGateway.java
C:\WorkSpace2026\StudyPlatform\StudyPlatform-back\src\main\java\com\cupk\production\controller\ProductionRecordController.java
C:\WorkSpace2026\StudyPlatform\StudyPlatform-back\src\main\java\com\cupk\production\dto\ProductionPage.java
C:\WorkSpace2026\StudyPlatform\StudyPlatform-back\src\main\java\com\cupk\production\dto\SavePumpRecordRequest.java
C:\WorkSpace2026\StudyPlatform\StudyPlatform-back\src\main\java\com\cupk\production\dto\SaveReservoirRecordRequest.java
C:\WorkSpace2026\StudyPlatform\StudyPlatform-back\src\main\java\com\cupk\production\dto\SaveStimulationRecordRequest.java
C:\WorkSpace2026\StudyPlatform\StudyPlatform-back\src\main\java\com\cupk\production\dto\SaveWaterfloodRecordRequest.java
C:\WorkSpace2026\StudyPlatform\StudyPlatform-back\src\main\java\com\cupk\production\model\ProductionPumpRecord.java
C:\WorkSpace2026\StudyPlatform\StudyPlatform-back\src\main\java\com\cupk\production\model\ProductionReservoirRecord.java
C:\WorkSpace2026\StudyPlatform\StudyPlatform-back\src\main\java\com\cupk\production\model\ProductionStimulationRecord.java
C:\WorkSpace2026\StudyPlatform\StudyPlatform-back\src\main\java\com\cupk\production\model\ProductionWaterfloodRecord.java
C:\WorkSpace2026\StudyPlatform\StudyPlatform-back\src\main\java\com\cupk\production\repository\ProductionRecordRepository.java
C:\WorkSpace2026\StudyPlatform\StudyPlatform-back\src\main\java\com\cupk\production\service\ProductionRecordService.java
C:\WorkSpace2026\StudyPlatform\StudyPlatform-back\src\main\java\com\cupk\rewards\CoinRewardRepository.java
C:\WorkSpace2026\StudyPlatform\StudyPlatform-back\src\main\java\com\cupk\rewards\CoinRewardService.java
C:\WorkSpace2026\StudyPlatform\StudyPlatform-back\src\main\java\com\cupk\rewards\dto\UserVoucherResponse.java
C:\WorkSpace2026\StudyPlatform\StudyPlatform-back\src\main\java\com\cupk\rewards\dto\VoucherExchangeRequest.java
C:\WorkSpace2026\StudyPlatform\StudyPlatform-back\src\main\java\com\cupk\rewards\dto\VoucherItemResponse.java
C:\WorkSpace2026\StudyPlatform\StudyPlatform-back\src\main\java\com\cupk\rewards\dto\VoucherUseRequest.java
C:\WorkSpace2026\StudyPlatform\StudyPlatform-back\src\main\java\com\cupk\rewards\VoucherCatalog.java
C:\WorkSpace2026\StudyPlatform\StudyPlatform-back\src\main\java\com\cupk\rewards\VoucherController.java
C:\WorkSpace2026\StudyPlatform\StudyPlatform-back\src\main\java\com\cupk\rewards\VoucherRepository.java
C:\WorkSpace2026\StudyPlatform\StudyPlatform-back\src\main\java\com\cupk\rewards\VoucherService.java
C:\WorkSpace2026\StudyPlatform\StudyPlatform-back\src\main\java\com\cupk\StudyPlatformBackApplication.java
C:\WorkSpace2026\StudyPlatform\StudyPlatform-back\src\main\java\com\cupk\welllog\controller\WellLogRecordController.java
C:\WorkSpace2026\StudyPlatform\StudyPlatform-back\src\main\java\com\cupk\welllog\controller\WellLogTemplateController.java
C:\WorkSpace2026\StudyPlatform\StudyPlatform-back\src\main\java\com\cupk\welllog\dto\SaveWellLogRecordRequest.java
C:\WorkSpace2026\StudyPlatform\StudyPlatform-back\src\main\java\com\cupk\welllog\dto\WellLogRecordPage.java
C:\WorkSpace2026\StudyPlatform\StudyPlatform-back\src\main\java\com\cupk\welllog\model\WellLogRecord.java
C:\WorkSpace2026\StudyPlatform\StudyPlatform-back\src\main\java\com\cupk\welllog\model\WellLogTemplate.java
C:\WorkSpace2026\StudyPlatform\StudyPlatform-back\src\main\java\com\cupk\welllog\repository\WellLogRecordRepository.java
C:\WorkSpace2026\StudyPlatform\StudyPlatform-back\src\main\java\com\cupk\welllog\repository\WellLogTemplateRepository.java
C:\WorkSpace2026\StudyPlatform\StudyPlatform-back\src\main\java\com\cupk\welllog\service\WellLogRecordService.java
C:\WorkSpace2026\StudyPlatform\StudyPlatform-back\src\main\java\com\cupk\welllog\service\WellLogTemplateService.java
